
bar bar
foofoo
barfoobar

xyz xyz
foofoo
xyzfooxyz

123 123

xxx  xxx 
