this is the beginning

this is the end

this is 1

this is 2

this is 3

this is 100
